
R version 3.3.1 (2016-06-21) -- "Bug in Your Hair"
Copyright (C) 2016 The R Foundation for Statistical Computing
Platform: x86_64-w64-mingw32/x64 (64-bit)

R is free software and comes with ABSOLUTELY NO WARRANTY.
You are welcome to redistribute it under certain conditions.
Type 'license()' or 'licence()' for distribution details.

R is a collaborative project with many contributors.
Type 'contributors()' for more information and
'citation()' on how to cite R or R packages in publications.

Type 'demo()' for some demos, 'help()' for on-line help, or
'help.start()' for an HTML browser interface to help.
Type 'q()' to quit R.

[Workspace loaded from ~/.RData]

> library(arules)
ÇÊ¿äÇÑ ÆÐÅ°Áö¸¦ ·ÎµùÁßÀÔ´Ï´Ù: Matrix

´ÙÀ½ÀÇ ÆÐÅ°Áö¸¦ ºÎÂøÇÕ´Ï´Ù: ¡®arules¡¯

The following objects are masked from ¡®package:base¡¯:

    abbreviate, write

> library(arulesViz)
ÇÊ¿äÇÑ ÆÐÅ°Áö¸¦ ·ÎµùÁßÀÔ´Ï´Ù: grid
Warning messages:
1: lhs¿¡ ´ëÇÏ¿© NativeSymbolInfo¸¦ ºÎ¿©ÇÒ ¼ö ¾ø½À´Ï´Ù.  ±× ÀÌÀ¯´Â lhs°¡ ÀÌ¹Ì¡®lazyeval¡¯ ³×ÀÓ½ºÆäÀÌ½º³»¿¡ Á¤ÀÇµÇ¾î ÀÖ±â ¶§¹®ÀÔ´Ï´Ù 
2: rhs¿¡ ´ëÇÏ¿© NativeSymbolInfo¸¦ ºÎ¿©ÇÒ ¼ö ¾ø½À´Ï´Ù.  ±× ÀÌÀ¯´Â rhs°¡ ÀÌ¹Ì¡®lazyeval¡¯ ³×ÀÓ½ºÆäÀÌ½º³»¿¡ Á¤ÀÇµÇ¾î ÀÖ±â ¶§¹®ÀÔ´Ï´Ù 
> library(wordcloud)
ÇÊ¿äÇÑ ÆÐÅ°Áö¸¦ ·ÎµùÁßÀÔ´Ï´Ù: RColorBrewer
> 
> baseballTeamVSTeamData <- read.csv("C:/Users/stories2/Documents/RProject/TeamVSTeam2.csv")
> head(baseballTeamVSTeamData)
              ³¯Â¥  ÆÀ1  ÆÀ2 ÆÀ1.Á¡¼ö ÆÀ2.Á¡¼ö
1 2010-03-18 13:00 ÇÑÈ­   LG       -1       -1
2 2010-03-27 14:00  KIA µÎ»ê        3        8
3 2010-03-27 14:00   LG »ï¼º        7        5
4 2010-03-27 14:00 ³Ø¼¾ ·Ôµ¥        3        2
5 2010-03-27 14:00 ÇÑÈ­   SK        2        3
6 2010-03-28 14:00   LG »ï¼º        4        9
                                                                                                     µðÅ×ÀÏ.¸µÅ©          Áß°è.TV
1                                                                                                            N/A              N/A
2 http://www.koreabaseball.com/Schedule/Game/BoxScore.aspx?leagueId=1&seriesId=0&gameId=20100327HTOB0&gyear=2010              M-T
3 http://www.koreabaseball.com/Schedule/Game/BoxScore.aspx?leagueId=1&seriesId=0&gameId=20100327LGSS0&gyear=2010       MS-T\nTM-T
4 http://www.koreabaseball.com/Schedule/Game/BoxScore.aspx?leagueId=1&seriesId=0&gameId=20100327WOLT0&gyear=2010      PM-T\nKNN-T
5 http://www.koreabaseball.com/Schedule/Game/BoxScore.aspx?leagueId=1&seriesId=0&gameId=20100327HHSK0&gyear=2010              N/A
6 http://www.koreabaseball.com/Schedule/Game/BoxScore.aspx?leagueId=1&seriesId=0&gameId=20100328LGSS0&gyear=2010 KN-T\nMS-T\nTM-T
  Áß°è.¶óµð¿À Àå¼Ò ºñ°í
1         N/A Àá½Ç ±âÅ¸
2         S-R Àá½Ç    -
3         T-R ´ë±¸    -
4       KNN-R »çÁ÷    -
5         N/A ¹®ÇÐ    -
6         T-R ´ë±¸    -
> str(baseballTeamVSTeamData)
'data.frame':	4746 obs. of  10 variables:
 $ ³¯Â¥       : Factor w/ 1282 levels "2010-03-18 13:00",..: 1 2 2 2 2 3 3 3 4 5 ...
 $ ÆÀ1        : Factor w/ 40 levels "EAST","KIA","kt",..: 38 2 4 10 38 4 10 38 2 6 ...
 $ ÆÀ2        : Factor w/ 40 levels "EAST","KIA","kt",..: 4 13 21 16 6 21 16 6 13 4 ...
 $ ÆÀ1.Á¡¼ö   : int  -1 3 7 3 2 4 11 3 9 3 ...
 $ ÆÀ2.Á¡¼ö   : int  -1 8 5 2 3 9 3 6 10 0 ...
 $ µðÅ×ÀÏ.¸µÅ©: Factor w/ 4207 levels "http://www.koreabaseball.com/Schedule/Game/BoxScore.aspx?leagueId=1&seriesId=0&gameId=20100327HHSK0&gyear=2010",..: 4207 2 3 4 1 7 8 5 6 11 ...
 $ Áß°è.TV    : Factor w/ 124 levels "D-CMB","IB-T",..: 85 53 78 88 85 33 51 85 4 85 ...
 $ Áß°è.¶óµð¿À: Factor w/ 54 levels "DM-R","GM-R",..: 23 24 31 15 23 31 15 23 23 23 ...
 $ Àå¼Ò       : Factor w/ 29 levels "AT&T","Field1",..: 22 22 7 15 14 7 15 14 22 22 ...
 $ ºñ°í       : Factor w/ 3 levels "-","±âÅ¸","¿ìÃµÃë¼Ò": 2 1 1 1 1 1 1 1 1 1 ...
> 
> baseballTeamVSTeamDataWithCleaned <- baseballTeamVSTeamData[, -c(1, 6:8, 10)]
> #»èÁ¦ ³»¿ë
> #³¯Â¥, µðÅ×ÀÏ ¸µÅ©, Áß°è TV, Áß°è ¶óµð¿À, ºñ°í
> 
> notDeleteIndex <- which((baseballTeamVSTeamDataWithCleaned$ÆÀ1 == 'µÎ»ê' | 
+                           baseballTeamVSTeamDataWithCleaned$ÆÀ1 == 'NC' |
+                           baseballTeamVSTeamDataWithCleaned$ÆÀ1 == '³Ø¼¾' |
+                           baseballTeamVSTeamDataWithCleaned$ÆÀ1 == 'LG' |
+                           baseballTeamVSTeamDataWithCleaned$ÆÀ1 == 'KIA' |
+                           baseballTeamVSTeamDataWithCleaned$ÆÀ1 == 'SK' |
+                           baseballTeamVSTeamDataWithCleaned$ÆÀ1 == 'ÇÑÈ­' |
+                           baseballTeamVSTeamDataWithCleaned$ÆÀ1 == '·Ôµ¥' |
+                           baseballTeamVSTeamDataWithCleaned$ÆÀ1 == '»ï¼º' |
+                           baseballTeamVSTeamDataWithCleaned$ÆÀ1 == 'kt') & 
+                           (baseballTeamVSTeamDataWithCleaned$ÆÀ2 == 'µÎ»ê' |
+                               baseballTeamVSTeamDataWithCleaned$ÆÀ2 == 'NC' |
+                               baseballTeamVSTeamDataWithCleaned$ÆÀ2 == '³Ø¼¾' |
+                               baseballTeamVSTeamDataWithCleaned$ÆÀ2 == 'LG' |
+                               baseballTeamVSTeamDataWithCleaned$ÆÀ2 == 'KIA' |
+                               baseballTeamVSTeamDataWithCleaned$ÆÀ2 == 'SK' |
+                               baseballTeamVSTeamDataWithCleaned$ÆÀ2 == 'ÇÑÈ­' |
+                               baseballTeamVSTeamDataWithCleaned$ÆÀ2 == '·Ôµ¥' |
+                               baseballTeamVSTeamDataWithCleaned$ÆÀ2 == '»ï¼º' |
+                               baseballTeamVSTeamDataWithCleaned$ÆÀ2 == 'kt'))
> head(notDeleteIndex)
[1] 1 2 3 4 5 6
> str(notDeleteIndex)
 int [1:4662] 1 2 3 4 5 6 7 8 9 10 ...
> str(baseballTeamVSTeamDataWithCleaned)
'data.frame':	4746 obs. of  5 variables:
 $ ÆÀ1     : Factor w/ 40 levels "EAST","KIA","kt",..: 38 2 4 10 38 4 10 38 2 6 ...
 $ ÆÀ2     : Factor w/ 40 levels "EAST","KIA","kt",..: 4 13 21 16 6 21 16 6 13 4 ...
 $ ÆÀ1.Á¡¼ö: int  -1 3 7 3 2 4 11 3 9 3 ...
 $ ÆÀ2.Á¡¼ö: int  -1 8 5 2 3 9 3 6 10 0 ...
 $ Àå¼Ò    : Factor w/ 29 levels "AT&T","Field1",..: 22 22 7 15 14 7 15 14 22 22 ...
> baseballTeamVSTeamDataWithCleaned <- baseballTeamVSTeamDataWithCleaned[notDeleteIndex, ]
> head(baseballTeamVSTeamDataWithCleaned)
   ÆÀ1  ÆÀ2 ÆÀ1.Á¡¼ö ÆÀ2.Á¡¼ö Àå¼Ò
1 ÇÑÈ­   LG       -1       -1 Àá½Ç
2  KIA µÎ»ê        3        8 Àá½Ç
3   LG »ï¼º        7        5 ´ë±¸
4 ³Ø¼¾ ·Ôµ¥        3        2 »çÁ÷
5 ÇÑÈ­   SK        2        3 ¹®ÇÐ
6   LG »ï¼º        4        9 ´ë±¸
> str(baseballTeamVSTeamDataWithCleaned)
'data.frame':	4662 obs. of  5 variables:
 $ ÆÀ1     : Factor w/ 40 levels "EAST","KIA","kt",..: 38 2 4 10 38 4 10 38 2 6 ...
 $ ÆÀ2     : Factor w/ 40 levels "EAST","KIA","kt",..: 4 13 21 16 6 21 16 6 13 4 ...
 $ ÆÀ1.Á¡¼ö: int  -1 3 7 3 2 4 11 3 9 3 ...
 $ ÆÀ2.Á¡¼ö: int  -1 8 5 2 3 9 3 6 10 0 ...
 $ Àå¼Ò    : Factor w/ 29 levels "AT&T","Field1",..: 22 22 7 15 14 7 15 14 22 22 ...
> 
> team1WinIndex <- which(baseballTeamVSTeamDataWithCleaned$ÆÀ1.Á¡¼ö > baseballTeamVSTeamDataWithCleaned$ÆÀ2.Á¡¼ö & 
+                          baseballTeamVSTeamDataWithCleaned$ÆÀ1.Á¡¼ö != -1 & baseballTeamVSTeamDataWithCleaned$ÆÀ2 != -1)
> teamDrawIndex <- which(baseballTeamVSTeamDataWithCleaned$ÆÀ1.Á¡¼ö == baseballTeamVSTeamDataWithCleaned$ÆÀ2.Á¡¼ö & 
+                          baseballTeamVSTeamDataWithCleaned$ÆÀ1.Á¡¼ö != -1 & baseballTeamVSTeamDataWithCleaned$ÆÀ2 != -1)
> teamNotPlayedIndex <- which(baseballTeamVSTeamDataWithCleaned$ÆÀ1.Á¡¼ö == -1 | baseballTeamVSTeamDataWithCleaned$ÆÀ2.Á¡¼ö == -1)
> 
> head(team1WinIndex)
[1]  3  4  7 10 11 13
> head(teamDrawIndex)
[1]  47 251 285 376 416 481
> head(teamNotPlayedIndex)
[1]  1 14 15 16 18 19
> 
> baseballTeamVSTeamWithWinOrLoseData <- baseballTeamVSTeamDataWithCleaned[, -c(3:4)]
> #»èÁ¦ ³»¿ë
> #°¢ ÆÀÀÌ ¾òÀº Á¡¼ö
> head(baseballTeamVSTeamWithWinOrLoseData)
   ÆÀ1  ÆÀ2 Àå¼Ò
1 ÇÑÈ­   LG Àá½Ç
2  KIA µÎ»ê Àá½Ç
3   LG »ï¼º ´ë±¸
4 ³Ø¼¾ ·Ôµ¥ »çÁ÷
5 ÇÑÈ­   SK ¹®ÇÐ
6   LG »ï¼º ´ë±¸
> str(baseballTeamVSTeamWithWinOrLoseData)
'data.frame':	4662 obs. of  3 variables:
 $ ÆÀ1 : Factor w/ 40 levels "EAST","KIA","kt",..: 38 2 4 10 38 4 10 38 2 6 ...
 $ ÆÀ2 : Factor w/ 40 levels "EAST","KIA","kt",..: 4 13 21 16 6 21 16 6 13 4 ...
 $ Àå¼Ò: Factor w/ 29 levels "AT&T","Field1",..: 22 22 7 15 14 7 15 14 22 22 ...
> dim(baseballTeamVSTeamWithWinOrLoseData)[1]
[1] 4662
> 
> baseballWinOrLoseDummyData <- rep("lose", dim(baseballTeamVSTeamWithWinOrLoseData)[1])
> baseballWinOrLoseDummyData[team1WinIndex] <- "win"
> baseballWinOrLoseDummyData[teamDrawIndex] <- "draw"
> head(baseballWinOrLoseDummyData)
[1] "lose" "lose" "win"  "win"  "lose" "lose"
> 
> baseballWinOrLoseDummyData <- data.frame(baseballWinOrLoseDummyData)
> names(baseballWinOrLoseDummyData) <- "½ÂÆÐ¿©ºÎ"
> str(baseballWinOrLoseDummyData)
'data.frame':	4662 obs. of  1 variable:
 $ ½ÂÆÐ¿©ºÎ: Factor w/ 3 levels "draw","lose",..: 2 2 3 3 2 2 3 2 2 3 ...
> head(baseballWinOrLoseDummyData)
  ½ÂÆÐ¿©ºÎ
1     lose
2     lose
3      win
4      win
5     lose
6     lose
> 
> baseballWinOrLoseDummyData$½ÂÆÐ¿©ºÎ <- as.factor(baseballWinOrLoseDummyData$½ÂÆÐ¿©ºÎ)
> str(baseballWinOrLoseDummyData)
'data.frame':	4662 obs. of  1 variable:
 $ ½ÂÆÐ¿©ºÎ: Factor w/ 3 levels "draw","lose",..: 2 2 3 3 2 2 3 2 2 3 ...
> 
> baseballTeamVSTeamDataWithCleaned <- cbind(baseballTeamVSTeamWithWinOrLoseData, baseballWinOrLoseDummyData)
> baseballTeamVSTeamDataWithCleaned <- baseballTeamVSTeamDataWithCleaned[-teamNotPlayedIndex, ]
> str(baseballTeamVSTeamDataWithCleaned)
'data.frame':	4188 obs. of  4 variables:
 $ ÆÀ1     : Factor w/ 40 levels "EAST","KIA","kt",..: 2 4 10 38 4 10 38 2 6 13 ...
 $ ÆÀ2     : Factor w/ 40 levels "EAST","KIA","kt",..: 13 21 16 6 21 16 6 13 4 10 ...
 $ Àå¼Ò    : Factor w/ 29 levels "AT&T","Field1",..: 22 7 15 14 7 15 14 22 22 12 ...
 $ ½ÂÆÐ¿©ºÎ: Factor w/ 3 levels "draw","lose",..: 2 3 3 2 2 3 2 2 3 3 ...
> dim(baseballTeamVSTeamDataWithCleaned)
[1] 4188    4
> baseballTeamVSTeamDataWithCleaned$ÆÀ1 <- factor(baseballTeamVSTeamDataWithCleaned$ÆÀ1)
> baseballTeamVSTeamDataWithCleaned$ÆÀ2 <- factor(baseballTeamVSTeamDataWithCleaned$ÆÀ2)
> baseballTeamVSTeamDataWithCleaned$Àå¼Ò <- factor(baseballTeamVSTeamDataWithCleaned$Àå¼Ò)
> baseballTeamVSTeamDataWithCleaned$½ÂÆÐ¿©ºÎ <- factor(baseballTeamVSTeamDataWithCleaned$½ÂÆÐ¿©ºÎ)
> str(baseballTeamVSTeamDataWithCleaned)
'data.frame':	4188 obs. of  4 variables:
 $ ÆÀ1     : Factor w/ 10 levels "KIA","kt","LG",..: 1 3 6 10 3 6 10 1 5 7 ...
 $ ÆÀ2     : Factor w/ 10 levels "KIA","kt","LG",..: 7 9 8 5 9 8 5 7 3 6 ...
 $ Àå¼Ò    : Factor w/ 15 levels "°íÃ´","±¤ÁÖ",..: 13 4 10 9 4 10 9 13 13 7 ...
 $ ½ÂÆÐ¿©ºÎ: Factor w/ 3 levels "draw","lose",..: 2 3 3 2 2 3 2 2 3 3 ...
> 
> baseballRules <- apriori(baseballTeamVSTeamDataWithCleaned)
Apriori

Parameter specification:
 confidence minval smax arem  aval originalSupport maxtime support minlen maxlen target   ext
        0.8    0.1    1 none FALSE            TRUE       5     0.1      1     10  rules FALSE

Algorithmic control:
 filter tree heap memopt load sort verbose
    0.1 TRUE TRUE  FALSE TRUE    2    TRUE

Absolute minimum support count: 418 

set item appearances ...[0 item(s)] done [0.00s].
set transactions ...[38 item(s), 4188 transaction(s)] done [0.00s].
sorting and recoding items ... [23 item(s)] done [0.00s].
creating transaction tree ... done [0.00s].
checking subsets of size 1 2 done [0.00s].
writing ... [10 rule(s)] done [0.00s].
creating S4 object  ... done [0.00s].
> inspect(baseballRules)
     lhs            rhs         support   confidence lift    
[1]  {Àå¼Ò=´ëÀü} => {ÆÀ2=ÇÑÈ­}  0.1026743 1.0000000  8.872881
[2]  {ÆÀ2=ÇÑÈ­}  => {Àå¼Ò=´ëÀü} 0.1026743 0.9110169  8.872881
[3]  {Àå¼Ò=´ë±¸} => {ÆÀ2=»ï¼º}  0.1033906 1.0000000  8.891720
[4]  {ÆÀ2=»ï¼º}  => {Àå¼Ò=´ë±¸} 0.1033906 0.9193206  8.891720
[5]  {Àå¼Ò=»çÁ÷} => {ÆÀ2=·Ôµ¥}  0.1053009 1.0000000  8.891720
[6]  {ÆÀ2=·Ôµ¥}  => {Àå¼Ò=»çÁ÷} 0.1053009 0.9363057  8.891720
[7]  {Àå¼Ò=¹®ÇÐ} => {ÆÀ2=SK}    0.1124642 1.0000000  8.891720
[8]  {ÆÀ2=SK}    => {Àå¼Ò=¹®ÇÐ} 0.1124642 1.0000000  8.891720
[9]  {ÆÀ2=µÎ»ê}  => {Àå¼Ò=Àá½Ç} 0.1124642 1.0000000  4.441145
[10] {ÆÀ2=LG}    => {Àå¼Ò=Àá½Ç} 0.1127030 1.0000000  4.441145
> 
> plot(baseballRules, method="scatterplot")
> plot(baseballRules, method="graph", control=list(type = "items", alpha = 1))
> 
> baseballRules <- apriori(baseballTeamVSTeamDataWithCleaned, parameter = list(minlen = 3, support = 0.1, conf = 0.4), 
+                          appearance = list(lhs = c("½ÂÆÐ¿©ºÎ=win", "½ÂÆÐ¿©ºÎ=lose", "½ÂÆÐ¿©ºÎ=draw"), default = "rhs"))
Apriori

Parameter specification:
 confidence minval smax arem  aval originalSupport maxtime support minlen maxlen target   ext
        0.4    0.1    1 none FALSE            TRUE       5     0.1      3     10  rules FALSE

Algorithmic control:
 filter tree heap memopt load sort verbose
    0.1 TRUE TRUE  FALSE TRUE    2    TRUE

Absolute minimum support count: 418 

set item appearances ...[3 item(s)] done [0.00s].
set transactions ...[38 item(s), 4188 transaction(s)] done [0.00s].
sorting and recoding items ... [23 item(s)] done [0.00s].
creating transaction tree ... done [0.00s].
checking subsets of size 1 2 done [0.00s].
writing ... [0 rule(s)] done [0.00s].
creating S4 object  ... done [0.00s].
> inspect(baseballRules)
> 
> plot(baseballRules, method="scatterplot")
Error in plot.rules(baseballRules, method = "scatterplot") : 
  x contains 0 rules!
> plot(baseballRules, method="graph", control=list(type = "items", alpha = 1))
Error in plot.rules(baseballRules, method = "graph", control = list(type = "items",  : 
  x contains 0 rules!
> baseballTeamVSTeamData <- read.csv("C:/Users/stories2/Documents/RProject/TeamVSTeam2.csv")
> notDeleteIndex <- which((baseballTeamVSTeamData$ÆÀ1 == 'µÎ»ê' | 
+                            baseballTeamVSTeamData$ÆÀ1 == 'NC' |
+                            baseballTeamVSTeamData$ÆÀ1 == '³Ø¼¾' |
+                            baseballTeamVSTeamData$ÆÀ1 == 'LG' |
+                            baseballTeamVSTeamData$ÆÀ1 == 'KIA' |
+                            baseballTeamVSTeamData$ÆÀ1 == 'SK' |
+                            baseballTeamVSTeamData$ÆÀ1 == 'ÇÑÈ­' |
+                            baseballTeamVSTeamData$ÆÀ1 == '·Ôµ¥' |
+                            baseballTeamVSTeamData$ÆÀ1 == '»ï¼º' |
+                            baseballTeamVSTeamData$ÆÀ1 == 'kt') & 
+                           (baseballTeamVSTeamData$ÆÀ2 == 'µÎ»ê' |
+                              baseballTeamVSTeamData$ÆÀ2 == 'NC' |
+                              baseballTeamVSTeamData$ÆÀ2 == '³Ø¼¾' |
+                              baseballTeamVSTeamData$ÆÀ2 == 'LG' |
+                              baseballTeamVSTeamData$ÆÀ2 == 'KIA' |
+                              baseballTeamVSTeamData$ÆÀ2 == 'SK' |
+                              baseballTeamVSTeamData$ÆÀ2 == 'ÇÑÈ­' |
+                              baseballTeamVSTeamData$ÆÀ2 == '·Ôµ¥' |
+                              baseballTeamVSTeamData$ÆÀ2 == '»ï¼º' |
+                              baseballTeamVSTeamData$ÆÀ2 == 'kt'))
> baseballTeamVSTeamData <- baseballTeamVSTeamData[notDeleteIndex, ]
> str(baseballTeamVSTeamData)
'data.frame':	4662 obs. of  10 variables:
 $ ³¯Â¥       : Factor w/ 1282 levels "2010-03-18 13:00",..: 1 2 2 2 2 3 3 3 4 5 ...
 $ ÆÀ1        : Factor w/ 40 levels "EAST","KIA","kt",..: 38 2 4 10 38 4 10 38 2 6 ...
 $ ÆÀ2        : Factor w/ 40 levels "EAST","KIA","kt",..: 4 13 21 16 6 21 16 6 13 4 ...
 $ ÆÀ1.Á¡¼ö   : int  -1 3 7 3 2 4 11 3 9 3 ...
 $ ÆÀ2.Á¡¼ö   : int  -1 8 5 2 3 9 3 6 10 0 ...
 $ µðÅ×ÀÏ.¸µÅ©: Factor w/ 4207 levels "http://www.koreabaseball.com/Schedule/Game/BoxScore.aspx?leagueId=1&seriesId=0&gameId=20100327HHSK0&gyear=2010",..: 4207 2 3 4 1 7 8 5 6 11 ...
 $ Áß°è.TV    : Factor w/ 124 levels "D-CMB","IB-T",..: 85 53 78 88 85 33 51 85 4 85 ...
 $ Áß°è.¶óµð¿À: Factor w/ 54 levels "DM-R","GM-R",..: 23 24 31 15 23 31 15 23 23 23 ...
 $ Àå¼Ò       : Factor w/ 29 levels "AT&T","Field1",..: 22 22 7 15 14 7 15 14 22 22 ...
 $ ºñ°í       : Factor w/ 3 levels "-","±âÅ¸","¿ìÃµÃë¼Ò": 2 1 1 1 1 1 1 1 1 1 ...
> baseballTeamVSTeamData <- read.csv("C:/Users/stories2/Documents/RProject/TeamVSTeam2.csv")
> notDeleteIndex <- which((baseballTeamVSTeamData$ÆÀ1 == 'µÎ»ê' | 
+                            baseballTeamVSTeamData$ÆÀ1 == 'NC' |
+                            baseballTeamVSTeamData$ÆÀ1 == '³Ø¼¾' |
+                            baseballTeamVSTeamData$ÆÀ1 == 'LG' |
+                            baseballTeamVSTeamData$ÆÀ1 == 'KIA' |
+                            baseballTeamVSTeamData$ÆÀ1 == 'SK' |
+                            baseballTeamVSTeamData$ÆÀ1 == 'ÇÑÈ­' |
+                            baseballTeamVSTeamData$ÆÀ1 == '·Ôµ¥' |
+                            baseballTeamVSTeamData$ÆÀ1 == '»ï¼º' |
+                            baseballTeamVSTeamData$ÆÀ1 == 'kt') & 
+                           (baseballTeamVSTeamData$ÆÀ2 == 'µÎ»ê' |
+                              baseballTeamVSTeamData$ÆÀ2 == 'NC' |
+                              baseballTeamVSTeamData$ÆÀ2 == '³Ø¼¾' |
+                              baseballTeamVSTeamData$ÆÀ2 == 'LG' |
+                              baseballTeamVSTeamData$ÆÀ2 == 'KIA' |
+                              baseballTeamVSTeamData$ÆÀ2 == 'SK' |
+                              baseballTeamVSTeamData$ÆÀ2 == 'ÇÑÈ­' |
+                              baseballTeamVSTeamData$ÆÀ2 == '·Ôµ¥' |
+                              baseballTeamVSTeamData$ÆÀ2 == '»ï¼º' |
+                              baseballTeamVSTeamData$ÆÀ2 == 'kt'))
> baseballTeamVSTeamData <- baseballTeamVSTeamData[notDeleteIndex, ]
> str(baseballTeamVSTeamData)
'data.frame':	4662 obs. of  10 variables:
 $ ³¯Â¥       : Factor w/ 1282 levels "2010-03-18 13:00",..: 1 2 2 2 2 3 3 3 4 5 ...
 $ ÆÀ1        : Factor w/ 40 levels "EAST","KIA","kt",..: 38 2 4 10 38 4 10 38 2 6 ...
 $ ÆÀ2        : Factor w/ 40 levels "EAST","KIA","kt",..: 4 13 21 16 6 21 16 6 13 4 ...
 $ ÆÀ1.Á¡¼ö   : int  -1 3 7 3 2 4 11 3 9 3 ...
 $ ÆÀ2.Á¡¼ö   : int  -1 8 5 2 3 9 3 6 10 0 ...
 $ µðÅ×ÀÏ.¸µÅ©: Factor w/ 4207 levels "http://www.koreabaseball.com/Schedule/Game/BoxScore.aspx?leagueId=1&seriesId=0&gameId=20100327HHSK0&gyear=2010",..: 4207 2 3 4 1 7 8 5 6 11 ...
 $ Áß°è.TV    : Factor w/ 124 levels "D-CMB","IB-T",..: 85 53 78 88 85 33 51 85 4 85 ...
 $ Áß°è.¶óµð¿À: Factor w/ 54 levels "DM-R","GM-R",..: 23 24 31 15 23 31 15 23 23 23 ...
 $ Àå¼Ò       : Factor w/ 29 levels "AT&T","Field1",..: 22 22 7 15 14 7 15 14 22 22 ...
 $ ºñ°í       : Factor w/ 3 levels "-","±âÅ¸","¿ìÃµÃë¼Ò": 2 1 1 1 1 1 1 1 1 1 ...
> 
> teamNO1WinIndex <- which(baseballTeamVSTeamData$ÆÀ1.Á¡¼ö > baseballTeamVSTeamData$ÆÀ2.Á¡¼ö & 
+                            (baseballTeamVSTeamData$ÆÀ1.Á¡¼ö >= 0 & baseballTeamVSTeamData$ÆÀ2.Á¡¼ö >= 0))
> teamNO1LoseIndex <- which(baseballTeamVSTeamData$ÆÀ1.Á¡¼ö < baseballTeamVSTeamData$ÆÀ2.Á¡¼ö& 
+                             (baseballTeamVSTeamData$ÆÀ1.Á¡¼ö >= 0 & baseballTeamVSTeamData$ÆÀ2.Á¡¼ö >= 0))
> teamNO1DrawIndex <- which(baseballTeamVSTeamData$ÆÀ1.Á¡¼ö == baseballTeamVSTeamData$ÆÀ2.Á¡¼ö& 
+                             (baseballTeamVSTeamData$ÆÀ1.Á¡¼ö >= 0 & baseballTeamVSTeamData$ÆÀ2.Á¡¼ö >= 0))
> teamNotPlayedIndex <- which(baseballTeamVSTeamData$ÆÀ1.Á¡¼ö < 0 & baseballTeamVSTeamData$ÆÀ2.Á¡¼ö < 0)
> 
> dim(baseballTeamVSTeamData)
[1] 4662   10
> allDataLength <- dim(baseballTeamVSTeamData)[1]
> allDataLength
[1] 4662
> 
> winDumpData <- rep(0, allDataLength)
> drawDumpData <- rep(0, allDataLength)
> loseDumpData <- rep(0, allDataLength)
> 
> winDumpData[teamNO1WinIndex] <- 1
> drawDumpData[teamNO1DrawIndex] <- 1
> loseDumpData[teamNO1LoseIndex] <- 1
> 
> winDrawLoseCol <- data.frame(winDumpData, drawDumpData, loseDumpData)
> names(winDrawLoseCol) <- c("win", "draw", "lose")
> head(winDrawLoseCol)
  win draw lose
1   0    0    0
2   0    0    1
3   1    0    0
4   1    0    0
5   0    0    1
6   0    0    1
> 
> baseballTeamVSTeamData <- cbind(baseballTeamVSTeamData, winDrawLoseCol)
> head(baseballTeamVSTeamData)
              ³¯Â¥  ÆÀ1  ÆÀ2 ÆÀ1.Á¡¼ö ÆÀ2.Á¡¼ö
1 2010-03-18 13:00 ÇÑÈ­   LG       -1       -1
2 2010-03-27 14:00  KIA µÎ»ê        3        8
3 2010-03-27 14:00   LG »ï¼º        7        5
4 2010-03-27 14:00 ³Ø¼¾ ·Ôµ¥        3        2
5 2010-03-27 14:00 ÇÑÈ­   SK        2        3
6 2010-03-28 14:00   LG »ï¼º        4        9
                                                                                                     µðÅ×ÀÏ.¸µÅ©          Áß°è.TV
1                                                                                                            N/A              N/A
2 http://www.koreabaseball.com/Schedule/Game/BoxScore.aspx?leagueId=1&seriesId=0&gameId=20100327HTOB0&gyear=2010              M-T
3 http://www.koreabaseball.com/Schedule/Game/BoxScore.aspx?leagueId=1&seriesId=0&gameId=20100327LGSS0&gyear=2010       MS-T\nTM-T
4 http://www.koreabaseball.com/Schedule/Game/BoxScore.aspx?leagueId=1&seriesId=0&gameId=20100327WOLT0&gyear=2010      PM-T\nKNN-T
5 http://www.koreabaseball.com/Schedule/Game/BoxScore.aspx?leagueId=1&seriesId=0&gameId=20100327HHSK0&gyear=2010              N/A
6 http://www.koreabaseball.com/Schedule/Game/BoxScore.aspx?leagueId=1&seriesId=0&gameId=20100328LGSS0&gyear=2010 KN-T\nMS-T\nTM-T
  Áß°è.¶óµð¿À Àå¼Ò ºñ°í win draw lose
1         N/A Àá½Ç ±âÅ¸   0    0    0
2         S-R Àá½Ç    -   0    0    1
3         T-R ´ë±¸    -   1    0    0
4       KNN-R »çÁ÷    -   1    0    0
5         N/A ¹®ÇÐ    -   0    0    1
6         T-R ´ë±¸    -   0    0    1
> 
> baseballTeamVSTeamData <- baseballTeamVSTeamData[-teamNotPlayedIndex, ]
> head(baseballTeamVSTeamData)
              ³¯Â¥  ÆÀ1  ÆÀ2 ÆÀ1.Á¡¼ö ÆÀ2.Á¡¼ö
2 2010-03-27 14:00  KIA µÎ»ê        3        8
3 2010-03-27 14:00   LG »ï¼º        7        5
4 2010-03-27 14:00 ³Ø¼¾ ·Ôµ¥        3        2
5 2010-03-27 14:00 ÇÑÈ­   SK        2        3
6 2010-03-28 14:00   LG »ï¼º        4        9
7 2010-03-28 14:00 ³Ø¼¾ ·Ôµ¥       11        3
                                                                                                     µðÅ×ÀÏ.¸µÅ©          Áß°è.TV
2 http://www.koreabaseball.com/Schedule/Game/BoxScore.aspx?leagueId=1&seriesId=0&gameId=20100327HTOB0&gyear=2010              M-T
3 http://www.koreabaseball.com/Schedule/Game/BoxScore.aspx?leagueId=1&seriesId=0&gameId=20100327LGSS0&gyear=2010       MS-T\nTM-T
4 http://www.koreabaseball.com/Schedule/Game/BoxScore.aspx?leagueId=1&seriesId=0&gameId=20100327WOLT0&gyear=2010      PM-T\nKNN-T
5 http://www.koreabaseball.com/Schedule/Game/BoxScore.aspx?leagueId=1&seriesId=0&gameId=20100327HHSK0&gyear=2010              N/A
6 http://www.koreabaseball.com/Schedule/Game/BoxScore.aspx?leagueId=1&seriesId=0&gameId=20100328LGSS0&gyear=2010 KN-T\nMS-T\nTM-T
7 http://www.koreabaseball.com/Schedule/Game/BoxScore.aspx?leagueId=1&seriesId=0&gameId=20100328WOLT0&gyear=2010            KNN-T
  Áß°è.¶óµð¿À Àå¼Ò ºñ°í win draw lose
2         S-R Àá½Ç    -   0    0    1
3         T-R ´ë±¸    -   1    0    0
4       KNN-R »çÁ÷    -   1    0    0
5         N/A ¹®ÇÐ    -   0    0    1
6         T-R ´ë±¸    -   0    0    1
7       KNN-R »çÁ÷    -   1    0    0
> tail(baseballTeamVSTeamData)
                 ³¯Â¥  ÆÀ1  ÆÀ2 ÆÀ1.Á¡¼ö ÆÀ2.Á¡¼ö
4739 2016-10-07 18:30 ³Ø¼¾ ·Ôµ¥        4        5
4740 2016-10-08 17:00  KIA ÇÑÈ­        5        6
4743 2016-10-08 17:00 µÎ»ê   LG       11        1
4744 2016-10-08 17:00 »ï¼º   SK        6        7
4745 2016-10-09 14:00   kt   NC        7        4
4746 2016-10-09 14:00 ³Ø¼¾ ·Ôµ¥        5        8
                                                                                                        µðÅ×ÀÏ.¸µÅ©     Áß°è.TV
4739 http://www.koreabaseball.com/Schedule/Game/BoxScore.aspx?leagueId=1&seriesId=0&gameId=20161007WOLT0&gyear=2016 MS-T\nSPO-T
4740 http://www.koreabaseball.com/Schedule/Game/BoxScore.aspx?leagueId=1&seriesId=0&gameId=20161008HTHH0&gyear=2016 MS-T\nD-CMB
4743 http://www.koreabaseball.com/Schedule/Game/BoxScore.aspx?leagueId=1&seriesId=0&gameId=20161008OBLG0&gyear=2016        KN-T
4744 http://www.koreabaseball.com/Schedule/Game/BoxScore.aspx?leagueId=1&seriesId=0&gameId=20161008SSSK0&gyear=2016       SPO-T
4745 http://www.koreabaseball.com/Schedule/Game/BoxScore.aspx?leagueId=1&seriesId=0&gameId=20161009KTNC0&gyear=2016         N/A
4746 http://www.koreabaseball.com/Schedule/Game/BoxScore.aspx?leagueId=1&seriesId=0&gameId=20161009WOLT0&gyear=2016       SKY-T
     Áß°è.¶óµð¿À Àå¼Ò ºñ°í win draw lose
4739 KNN-R\nPM-R »çÁ÷    -   0    0    1
4740        TM-R ´ëÀü    -   0    0    1
4743         N/A Àá½Ç    -   1    0    0
4744         T-R ¹®ÇÐ    -   0    0    1
4745         N/A ¸¶»ê    -   1    0    0
4746         N/A »çÁ÷    -   0    0    1
> dim(baseballTeamVSTeamData)
[1] 4188   13
> str(baseballTeamVSTeamData)
'data.frame':	4188 obs. of  13 variables:
 $ ³¯Â¥       : Factor w/ 1282 levels "2010-03-18 13:00",..: 2 2 2 2 3 3 3 4 5 5 ...
 $ ÆÀ1        : Factor w/ 40 levels "EAST","KIA","kt",..: 2 4 10 38 4 10 38 2 6 13 ...
 $ ÆÀ2        : Factor w/ 40 levels "EAST","KIA","kt",..: 13 21 16 6 21 16 6 13 4 10 ...
 $ ÆÀ1.Á¡¼ö   : int  3 7 3 2 4 11 3 9 3 7 ...
 $ ÆÀ2.Á¡¼ö   : int  8 5 2 3 9 3 6 10 0 2 ...
 $ µðÅ×ÀÏ.¸µÅ©: Factor w/ 4207 levels "http://www.koreabaseball.com/Schedule/Game/BoxScore.aspx?leagueId=1&seriesId=0&gameId=20100327HHSK0&gyear=2010",..: 2 3 4 1 7 8 5 6 11 10 ...
 $ Áß°è.TV    : Factor w/ 124 levels "D-CMB","IB-T",..: 53 78 88 85 33 51 85 4 85 58 ...
 $ Áß°è.¶óµð¿À: Factor w/ 54 levels "DM-R","GM-R",..: 24 31 15 23 31 15 23 23 23 23 ...
 $ Àå¼Ò       : Factor w/ 29 levels "AT&T","Field1",..: 22 7 15 14 7 15 14 22 22 12 ...
 $ ºñ°í       : Factor w/ 3 levels "-","±âÅ¸","¿ìÃµÃë¼Ò": 1 1 1 1 1 1 1 1 1 1 ...
 $ win        : num  0 1 1 0 0 1 0 0 1 1 ...
 $ draw       : num  0 0 0 0 0 0 0 0 0 0 ...
 $ lose       : num  1 0 0 1 1 0 1 1 0 0 ...
> 
> #dataTest <- as.factor(baseballTeamVSTeamData$Àå¼Ò)
> #str(dataTest)
> #dataTest <- as.character(dataTest)
> #head(dataTest)
> #check <- which(dataTest == "AT&T")
> #check
> #dataTest <- as.factor(dataTest)
> #str(dataTest)
> 
> baseballTeamVSTeamData <- baseballTeamVSTeamData[, -c(1, 4:8, 10)]
> str(baseballTeamVSTeamData)
'data.frame':	4188 obs. of  6 variables:
 $ ÆÀ1 : Factor w/ 40 levels "EAST","KIA","kt",..: 2 4 10 38 4 10 38 2 6 13 ...
 $ ÆÀ2 : Factor w/ 40 levels "EAST","KIA","kt",..: 13 21 16 6 21 16 6 13 4 10 ...
 $ Àå¼Ò: Factor w/ 29 levels "AT&T","Field1",..: 22 7 15 14 7 15 14 22 22 12 ...
 $ win : num  0 1 1 0 0 1 0 0 1 1 ...
 $ draw: num  0 0 0 0 0 0 0 0 0 0 ...
 $ lose: num  1 0 0 1 1 0 1 1 0 0 ...
> 
> names(baseballTeamVSTeamData) <- c("team1", "team2", "place", "win", "draw", "lose")
> str(baseballTeamVSTeamData)
'data.frame':	4188 obs. of  6 variables:
 $ team1: Factor w/ 40 levels "EAST","KIA","kt",..: 2 4 10 38 4 10 38 2 6 13 ...
 $ team2: Factor w/ 40 levels "EAST","KIA","kt",..: 13 21 16 6 21 16 6 13 4 10 ...
 $ place: Factor w/ 29 levels "AT&T","Field1",..: 22 7 15 14 7 15 14 22 22 12 ...
 $ win  : num  0 1 1 0 0 1 0 0 1 1 ...
 $ draw : num  0 0 0 0 0 0 0 0 0 0 ...
 $ lose : num  1 0 0 1 1 0 1 1 0 0 ...
> baseballTeamVSTeamDataBak <- baseballTeamVSTeamData
> 
> baseballTeamVSTeamData$team1 <- as.character(baseballTeamVSTeamData$team1)
> baseballTeamVSTeamData$team2 <- as.character(baseballTeamVSTeamData$team2)
> baseballTeamVSTeamData$place <- as.character(baseballTeamVSTeamData$place)
> baseballTeamVSTeamData$team1 <- as.factor(baseballTeamVSTeamData$team1)
> baseballTeamVSTeamData$team2 <- as.factor(baseballTeamVSTeamData$team2)
> baseballTeamVSTeamData$place <- as.factor(baseballTeamVSTeamData$place)
> baseballTeamVSTeamData$win <- as.integer(baseballTeamVSTeamData$win)
> baseballTeamVSTeamData$draw <- as.integer(baseballTeamVSTeamData$draw)
> baseballTeamVSTeamData$lose <- as.integer(baseballTeamVSTeamData$lose)
> baseballTeamVSTeamData$team1 <- as.integer(baseballTeamVSTeamData$team1)
> baseballTeamVSTeamData$team2 <- as.integer(baseballTeamVSTeamData$team2)
> baseballTeamVSTeamData$place <- as.integer(baseballTeamVSTeamData$place)
> str(baseballTeamVSTeamData)
'data.frame':	4188 obs. of  6 variables:
 $ team1: int  1 3 6 10 3 6 10 1 5 7 ...
 $ team2: int  7 9 8 5 9 8 5 7 3 6 ...
 $ place: int  13 4 10 9 4 10 9 13 13 7 ...
 $ win  : int  0 1 1 0 0 1 0 0 1 1 ...
 $ draw : int  0 0 0 0 0 0 0 0 0 0 ...
 $ lose : int  1 0 0 1 1 0 1 1 0 0 ...
> teamNameList <- sapply(baseballTeamVSTeamData[1, ], levels)
> teamNameList$team1
NULL
> teamNameList$place
NULL
> 
> dataLength <- dim(baseballTeamVSTeamData)[1]
> dataLength
[1] 4188
> trainDataIndex <- sample(1:dataLength, round(0.7 * dataLength))
> head(trainDataIndex)
[1] 3523  821 3320 3942 1508 2267
> 
> baseballTrainData <- baseballTeamVSTeamData[trainDataIndex, ]
> baseballTestData <- baseballTeamVSTeamData[-trainDataIndex, ]
> str(baseballTrainData)
'data.frame':	2932 obs. of  6 variables:
 $ team1: int  7 3 5 10 6 9 8 10 8 4 ...
 $ team2: int  10 10 3 1 7 6 7 9 5 8 ...
 $ place: int  5 5 13 2 13 7 13 4 9 10 ...
 $ win  : int  1 1 1 1 1 0 0 1 1 1 ...
 $ draw : int  0 0 0 0 0 0 0 0 0 0 ...
 $ lose : int  0 0 0 0 0 1 1 0 0 0 ...
> str(baseballTestData)
'data.frame':	1256 obs. of  6 variables:
 $ team1: int  1 3 3 10 1 7 6 6 6 10 ...
 $ team2: int  7 9 9 5 7 5 3 9 9 7 ...
 $ place: int  13 4 4 9 13 9 13 4 4 13 ...
 $ win  : int  0 1 0 0 0 1 1 0 0 0 ...
 $ draw : int  0 0 0 0 0 0 0 0 0 0 ...
 $ lose : int  1 0 1 1 1 0 0 1 1 1 ...
> 
> linearFullModel <- lm(team2 ~ ., data = baseballTrainData)
> linearFullModel

Call:
lm(formula = team2 ~ ., data = baseballTrainData)

Coefficients:
(Intercept)        team1        place          win         draw         lose  
    7.42925     -0.11165     -0.09521     -0.20589     -0.35999           NA  

> summary(linearFullModel)

Call:
lm(formula = team2 ~ ., data = baseballTrainData)

Residuals:
    Min      1Q  Median      3Q     Max 
-6.0155 -2.1867  0.1304  2.3044  5.1144 

Coefficients: (1 not defined because of singularities)
            Estimate Std. Error t value Pr(>|t|)    
(Intercept)  7.42925    0.17342  42.840  < 2e-16 ***
team1       -0.11165    0.01831  -6.098 1.21e-09 ***
place       -0.09521    0.01442  -6.603 4.76e-11 ***
win         -0.20589    0.10443  -1.972   0.0488 *  
draw        -0.35999    0.41118  -0.876   0.3814    
lose              NA         NA      NA       NA    
---
Signif. codes:  0 ¡®***¡¯ 0.001 ¡®**¡¯ 0.01 ¡®*¡¯ 0.05 ¡®.¡¯ 0.1 ¡® ¡¯ 1

Residual standard error: 2.803 on 2927 degrees of freedom
Multiple R-squared:  0.02941,	Adjusted R-squared:  0.02809 
F-statistic: 22.18 on 4 and 2927 DF,  p-value: < 2.2e-16

> 
> str(baseballTrainData)
'data.frame':	2932 obs. of  6 variables:
 $ team1: int  7 3 5 10 6 9 8 10 8 4 ...
 $ team2: int  10 10 3 1 7 6 7 9 5 8 ...
 $ place: int  5 5 13 2 13 7 13 4 9 10 ...
 $ win  : int  1 1 1 1 1 0 0 1 1 1 ...
 $ draw : int  0 0 0 0 0 0 0 0 0 0 ...
 $ lose : int  0 0 0 0 0 1 1 0 0 0 ...
> xyForwardModelOption <- paste(colnames(baseballTrainData[-2]), collapse = " + ")
> xyForwardModelOption
[1] "team1 + place + win + draw + lose"
> xyForwardModelOption <- paste("team2 ~ ", xyForwardModelOption, collapse = "")
> xyForwardModelOption
[1] "team2 ~  team1 + place + win + draw + lose"
> 
> baseballForwardModel <- step(lm(team2 ~ 1, data = baseballTrainData), 
+                              scope = list(upper = as.formula(xyForwardModelOption), lower = team2 ~ 1), direction = "forward", trace = 1)
Start:  AIC=6128.18
team2 ~ 1

        Df Sum of Sq   RSS    AIC
+ place  1    365.95 23325 6084.5
+ team1  1    321.65 23370 6090.1
+ lose   1     35.74 23656 6125.8
+ win    1     29.38 23662 6126.5
<none>               23691 6128.2
+ draw   1      4.90 23686 6129.6

Step:  AIC=6084.54
team2 ~ place

        Df Sum of Sq   RSS    AIC
+ team1  1   297.188 23028 6048.9
+ lose   1    37.064 23288 6081.9
+ win    1    30.976 23294 6082.6
<none>               23325 6084.5
+ draw   1     4.300 23321 6086.0

Step:  AIC=6048.94
team2 ~ place + team1

       Df Sum of Sq   RSS    AIC
+ lose  1    32.601 22996 6046.8
+ win   1    27.681 23000 6047.4
<none>              23028 6048.9
+ draw  1     3.167 23025 6050.5

Step:  AIC=6046.79
team2 ~ place + team1 + lose

       Df Sum of Sq   RSS    AIC
<none>              22996 6046.8
+ win   1    1.1021 22994 6048.6
+ draw  1    1.1021 22994 6048.6
> summary(baseballForwardModel)

Call:
lm(formula = team2 ~ place + team1 + lose, data = baseballTrainData)

Residuals:
    Min      1Q  Median      3Q     Max 
-6.0162 -2.1862  0.1306  2.3046  5.1200 

Coefficients:
            Estimate Std. Error t value Pr(>|t|)    
(Intercept)  7.21921    0.17446  41.380  < 2e-16 ***
place       -0.09525    0.01442  -6.607 4.63e-11 ***
team1       -0.11174    0.01830  -6.105 1.16e-09 ***
lose         0.21095    0.10354   2.037   0.0417 *  
---
Signif. codes:  0 ¡®***¡¯ 0.001 ¡®**¡¯ 0.01 ¡®*¡¯ 0.05 ¡®.¡¯ 0.1 ¡® ¡¯ 1

Residual standard error: 2.802 on 2928 degrees of freedom
Multiple R-squared:  0.02937,	Adjusted R-squared:  0.02837 
F-statistic: 29.53 on 3 and 2928 DF,  p-value: < 2.2e-16

> anova(baseballForwardModel)
Analysis of Variance Table

Response: team2
            Df  Sum Sq Mean Sq F value    Pr(>F)    
place        1   366.0  365.95  46.597 1.056e-11 ***
team1        1   297.2  297.19  37.841 8.721e-10 ***
lose         1    32.6   32.60   4.151    0.0417 *  
Residuals 2928 22995.5    7.85                      
---
Signif. codes:  0 ¡®***¡¯ 0.001 ¡®**¡¯ 0.01 ¡®*¡¯ 0.05 ¡®.¡¯ 0.1 ¡® ¡¯ 1
> 
> baseballBackwardModel <- step(lm(linearFullModel, data = baseballTrainData),
+                               scope = list(upper = as.formula(xyForwardModelOption), lower = team2 ~ 1), direction = "backward", trace = 1)
Start:  AIC=6048.65
team2 ~ team1 + place + win + draw + lose


Step:  AIC=6048.65
team2 ~ team1 + place + win + draw

        Df Sum of Sq   RSS    AIC
- draw   1      6.02 23000 6047.4
<none>               22994 6048.6
- win    1     30.54 23025 6050.5
- team1  1    292.15 23287 6083.7
- place  1    342.55 23337 6090.0

Step:  AIC=6047.42
team2 ~ team1 + place + win

        Df Sum of Sq   RSS    AIC
<none>               23000 6047.4
- win    1     27.68 23028 6048.9
- team1  1    293.89 23294 6082.6
- place  1    343.08 23344 6088.8
> summary(baseballBackwardModel)

Call:
lm(formula = team2 ~ team1 + place + win, data = baseballTrainData)

Residuals:
    Min      1Q  Median      3Q     Max 
-6.0058 -2.1740  0.1424  2.3163  5.1158 

Coefficients:
            Estimate Std. Error t value Pr(>|t|)    
(Intercept)  7.42029    0.17311  42.864  < 2e-16 ***
team1       -0.11196    0.01830  -6.117 1.08e-09 ***
place       -0.09528    0.01442  -6.609 4.59e-11 ***
win         -0.19450    0.10361  -1.877   0.0606 .  
---
Signif. codes:  0 ¡®***¡¯ 0.001 ¡®**¡¯ 0.01 ¡®*¡¯ 0.05 ¡®.¡¯ 0.1 ¡® ¡¯ 1

Residual standard error: 2.803 on 2928 degrees of freedom
Multiple R-squared:  0.02916,	Adjusted R-squared:  0.02816 
F-statistic: 29.31 on 3 and 2928 DF,  p-value: < 2.2e-16

> anova(baseballBackwardModel)
Analysis of Variance Table

Response: team2
            Df  Sum Sq Mean Sq F value    Pr(>F)    
team1        1   321.6  321.65 40.9460 1.816e-10 ***
place        1   341.5  341.50 43.4732 5.080e-11 ***
win          1    27.7   27.68  3.5238   0.06059 .  
Residuals 2928 23000.4    7.86                      
---
Signif. codes:  0 ¡®***¡¯ 0.001 ¡®**¡¯ 0.01 ¡®*¡¯ 0.05 ¡®.¡¯ 0.1 ¡® ¡¯ 1